// Jest Snapshot v1, https://goo.gl/fbAQLP

exports[`Entities component should render a table with the right data 1`] = `
Array [
  <tr
    className="govuk-table__row"
    key="0"
  >
    <th
      className="govuk-table__header"
      scope="row"
    >
      Countries
    </th>
    <td
      className="govuk-table__cell"
    >
      Countries
    </td>
    <td
      className="govuk-table__cell"
    >
      <Link
        replace={false}
        to="/entities/country"
      >
        View
      </Link>
      <Link
        replace={false}
        to="/entities/country/schema/edit/description"
      >
        Edit
      </Link>
      <Link
        replace={false}
        to="/entities/country/delete"
      >
        Delete
      </Link>
    </td>
  </tr>,
  <tr
    className="govuk-table__row"
    key="1"
  >
    <th
      className="govuk-table__header"
      scope="row"
    />
    <td
      className="govuk-table__cell"
    >
      <Component />
    </td>
    <td
      className="govuk-table__cell"
    >
      <Link
        replace={false}
        to="/entities/nationality"
      >
        View
      </Link>
      <Link
        replace={false}
        to="/entities/nationality/schema/edit/description"
      >
        Edit
      </Link>
      <Link
        replace={false}
        to="/entities/nationality/delete"
      >
        Delete
      </Link>
    </td>
  </tr>,
]
`;
